目的
　Debian10内にminikube環境を構築する。
  podを作成、起動する。
前提
・GCPのVMインスタンスを使用する。
・インスタンスは、Debian10.11を使用する。
・サーバーのスペックは以下の通りである。
マシンタイプ:e2-medium(vCPUx2, メモリ4GB)
ゾーン:us-west-1b
・ローカルのWin10端末からインスタンスに対してssh
接続し、作業を実施する。
・アップデート及びアップグレード済みであること。
・参考
https://www.server-world.info/query?os=Ubuntu_20.04&p=minikube&f=2
https://www.server-world.info/query?os=Ubuntu_20.04&p=minikube&f=3

ログ

root@k8s-master:~# cat /etc/debian_version
10.11
root@k8s-master:~# apt -y install docker.io conntrack
Reading package lists... Done
Building dependency tree
Reading state information... Done
The following additional packages will be installed:
  binutils binutils-common binutils-x86-64-linux-gnu cgroupfs-mount git
  git-man libbinutils libcurl3-gnutls liberror-perl libgdbm-compat4
  libintl-perl libintl-xs-perl libltdl7 libmodule-find-perl
  libmodule-scandeps-perl libnspr4 libnss3 libpcre2-8-0 libperl5.28
  libproc-processtable-perl libsort-naturally-perl libterm-readkey-perl
  needrestart patch perl perl-modules-5.28 runc tini
Suggested packages:
  binutils-doc nftables docker-doc aufs-tools btrfs-progs debootstrap rinse
  xfsprogs zfs-fuse | zfsutils git-daemon-run | git-daemon-sysvinit git-doc
  git-el git-email git-gui gitk gitweb git-cvs git-mediawiki git-svn
  needrestart-session | libnotify-bin iucode-tool ed diffutils-doc perl-doc
  libterm-readline-gnu-perl | libterm-readline-perl-perl make libb-debug-perl
  liblocale-codes-perl
The following NEW packages will be installed:
  binutils binutils-common binutils-x86-64-linux-gnu cgroupfs-mount conntrack
  docker.io git git-man libbinutils libcurl3-gnutls liberror-perl
  libgdbm-compat4 libintl-perl libintl-xs-perl libltdl7 libmodule-find-perl
  libmodule-scandeps-perl libnspr4 libnss3 libpcre2-8-0 libperl5.28
  libproc-processtable-perl libsort-naturally-perl libterm-readkey-perl
  needrestart patch perl perl-modules-5.28 runc tini
0 upgraded, 30 newly installed, 0 to remove and 0 not upgraded.
Need to get 78.5 MB of archives.
After this operation, 375 MB of additional disk space will be used.
Get:1 http://deb.debian.org/debian buster/main amd64 perl-modules-5.28 all 5.28.1-6+deb10u1 [2873 kB]
Get:2 http://deb.debian.org/debian buster/main amd64 libgdbm-compat4 amd64 1.18.1-4 [44.1 kB]
Get:3 http://deb.debian.org/debian buster/main amd64 libperl5.28 amd64 5.28.1-6+deb10u1 [3894 kB]
Get:4 http://deb.debian.org/debian buster/main amd64 perl amd64 5.28.1-6+deb10u1 [204 kB]
Get:5 http://deb.debian.org/debian buster/main amd64 binutils-common amd64 2.31.1-16 [2073 kB]
Get:6 http://deb.debian.org/debian buster/main amd64 libbinutils amd64 2.31.1-16 [478 kB]
Get:7 http://deb.debian.org/debian buster/main amd64 binutils-x86-64-linux-gnu amd64 2.31.1-16 [1823 kB]
Get:8 http://deb.debian.org/debian buster/main amd64 binutils amd64 2.31.1-16 [56.8 kB]
Get:9 http://deb.debian.org/debian buster/main amd64 cgroupfs-mount all 1.4 [6276 B]
Get:10 http://deb.debian.org/debian buster/main amd64 conntrack amd64 1:1.4.5-2 [33.3 kB]
Get:11 http://deb.debian.org/debian buster/main amd64 libltdl7 amd64 2.4.6-9 [390 kB]
Get:12 http://deb.debian.org/debian buster/main amd64 libnspr4 amd64 2:4.20-1 [112 kB]
Get:13 http://deb.debian.org/debian buster/main amd64 libnss3 amd64 2:3.42.1-1+deb10u3 [1159 kB]
Get:14 http://deb.debian.org/debian buster/main amd64 runc amd64 1.0.0~rc6+dfsg1-3 [2572 kB]
Get:15 http://deb.debian.org/debian buster/main amd64 tini amd64 0.18.0-1 [247 kB]
Get:16 http://deb.debian.org/debian buster/main amd64 docker.io amd64 18.09.1+dfsg1-7.1+deb10u3 [53.6 MB]
Get:17 http://deb.debian.org/debian buster/main amd64 libcurl3-gnutls amd64 7.64.0-4+deb10u2 [330 kB]
Get:18 http://deb.debian.org/debian buster/main amd64 libpcre2-8-0 amd64 10.32-5 [213 kB]
Get:19 http://deb.debian.org/debian buster/main amd64 liberror-perl all 0.17027-2 [30.9 kB]
Get:20 http://deb.debian.org/debian buster/main amd64 git-man all 1:2.20.1-2+deb10u3 [1620 kB]
Get:21 http://deb.debian.org/debian buster/main amd64 git amd64 1:2.20.1-2+deb10u3 [5633 kB]
Get:22 http://deb.debian.org/debian buster/main amd64 libintl-perl all 1.26-2 [756 kB]
Get:23 http://deb.debian.org/debian buster/main amd64 libintl-xs-perl amd64 1.26-2+b4 [39.9 kB]
Get:24 http://deb.debian.org/debian buster/main amd64 libmodule-find-perl all 0.13-1 [10.3 kB]
Get:25 http://deb.debian.org/debian buster/main amd64 libmodule-scandeps-perl all 1.27-1 [44.0 kB]
Get:26 http://deb.debian.org/debian buster/main amd64 libproc-processtable-perl amd64 0.56-1 [43.9 kB]
Get:27 http://deb.debian.org/debian buster/main amd64 libsort-naturally-perl all 1.03-2 [13.5 kB]
Get:28 http://deb.debian.org/debian buster/main amd64 libterm-readkey-perl amd64 2.38-1 [27.4 kB]
Get:29 http://deb.debian.org/debian buster/main amd64 needrestart all 3.4-5 [57.4 kB]
Get:30 http://deb.debian.org/debian buster/main amd64 patch amd64 2.7.6-3+deb10u1 [126 kB]
Fetched 78.5 MB in 1s (67.2 MB/s)
Selecting previously unselected package perl-modules-5.28.
(Reading database ... 47513 files and directories currently installed.)
Preparing to unpack .../00-perl-modules-5.28_5.28.1-6+deb10u1_all.deb ...
Unpacking perl-modules-5.28 (5.28.1-6+deb10u1) ...
Selecting previously unselected package libgdbm-compat4:amd64.
Preparing to unpack .../01-libgdbm-compat4_1.18.1-4_amd64.deb ...
Unpacking libgdbm-compat4:amd64 (1.18.1-4) ...
Selecting previously unselected package libperl5.28:amd64.
Preparing to unpack .../02-libperl5.28_5.28.1-6+deb10u1_amd64.deb ...
Unpacking libperl5.28:amd64 (5.28.1-6+deb10u1) ...
Selecting previously unselected package perl.
Preparing to unpack .../03-perl_5.28.1-6+deb10u1_amd64.deb ...
Unpacking perl (5.28.1-6+deb10u1) ...
Selecting previously unselected package binutils-common:amd64.
Preparing to unpack .../04-binutils-common_2.31.1-16_amd64.deb ...
Unpacking binutils-common:amd64 (2.31.1-16) ...
Selecting previously unselected package libbinutils:amd64.
Preparing to unpack .../05-libbinutils_2.31.1-16_amd64.deb ...
Unpacking libbinutils:amd64 (2.31.1-16) ...
Selecting previously unselected package binutils-x86-64-linux-gnu.
Preparing to unpack .../06-binutils-x86-64-linux-gnu_2.31.1-16_amd64.deb ...
Unpacking binutils-x86-64-linux-gnu (2.31.1-16) ...
Selecting previously unselected package binutils.
Preparing to unpack .../07-binutils_2.31.1-16_amd64.deb ...
Unpacking binutils (2.31.1-16) ...
Selecting previously unselected package cgroupfs-mount.
Preparing to unpack .../08-cgroupfs-mount_1.4_all.deb ...
Unpacking cgroupfs-mount (1.4) ...
Selecting previously unselected package conntrack.
Preparing to unpack .../09-conntrack_1%3a1.4.5-2_amd64.deb ...
Unpacking conntrack (1:1.4.5-2) ...
Selecting previously unselected package libltdl7:amd64.
Preparing to unpack .../10-libltdl7_2.4.6-9_amd64.deb ...
Unpacking libltdl7:amd64 (2.4.6-9) ...
Selecting previously unselected package libnspr4:amd64.
Preparing to unpack .../11-libnspr4_2%3a4.20-1_amd64.deb ...
Unpacking libnspr4:amd64 (2:4.20-1) ...
Selecting previously unselected package libnss3:amd64.
Preparing to unpack .../12-libnss3_2%3a3.42.1-1+deb10u3_amd64.deb ...
Unpacking libnss3:amd64 (2:3.42.1-1+deb10u3) ...
Selecting previously unselected package runc.
Preparing to unpack .../13-runc_1.0.0~rc6+dfsg1-3_amd64.deb ...
Unpacking runc (1.0.0~rc6+dfsg1-3) ...
Selecting previously unselected package tini.
Preparing to unpack .../14-tini_0.18.0-1_amd64.deb ...
Unpacking tini (0.18.0-1) ...
Selecting previously unselected package docker.io.
Preparing to unpack .../15-docker.io_18.09.1+dfsg1-7.1+deb10u3_amd64.deb ...
Unpacking docker.io (18.09.1+dfsg1-7.1+deb10u3) ...
Selecting previously unselected package libcurl3-gnutls:amd64.
Preparing to unpack .../16-libcurl3-gnutls_7.64.0-4+deb10u2_amd64.deb ...
Unpacking libcurl3-gnutls:amd64 (7.64.0-4+deb10u2) ...
Selecting previously unselected package libpcre2-8-0:amd64.
Preparing to unpack .../17-libpcre2-8-0_10.32-5_amd64.deb ...
Unpacking libpcre2-8-0:amd64 (10.32-5) ...
Selecting previously unselected package liberror-perl.
Preparing to unpack .../18-liberror-perl_0.17027-2_all.deb ...
Unpacking liberror-perl (0.17027-2) ...
Selecting previously unselected package git-man.
Preparing to unpack .../19-git-man_1%3a2.20.1-2+deb10u3_all.deb ...
Unpacking git-man (1:2.20.1-2+deb10u3) ...
Selecting previously unselected package git.
Preparing to unpack .../20-git_1%3a2.20.1-2+deb10u3_amd64.deb ...
Unpacking git (1:2.20.1-2+deb10u3) ...
Selecting previously unselected package libintl-perl.
Preparing to unpack .../21-libintl-perl_1.26-2_all.deb ...
Unpacking libintl-perl (1.26-2) ...
Selecting previously unselected package libintl-xs-perl.
Preparing to unpack .../22-libintl-xs-perl_1.26-2+b4_amd64.deb ...
Unpacking libintl-xs-perl (1.26-2+b4) ...
Selecting previously unselected package libmodule-find-perl.
Preparing to unpack .../23-libmodule-find-perl_0.13-1_all.deb ...
Unpacking libmodule-find-perl (0.13-1) ...
Selecting previously unselected package libmodule-scandeps-perl.
Preparing to unpack .../24-libmodule-scandeps-perl_1.27-1_all.deb ...
Unpacking libmodule-scandeps-perl (1.27-1) ...
Selecting previously unselected package libproc-processtable-perl.
Preparing to unpack .../25-libproc-processtable-perl_0.56-1_amd64.deb ...
Unpacking libproc-processtable-perl (0.56-1) ...
Selecting previously unselected package libsort-naturally-perl.
Preparing to unpack .../26-libsort-naturally-perl_1.03-2_all.deb ...
Unpacking libsort-naturally-perl (1.03-2) ...
Selecting previously unselected package libterm-readkey-perl.
Preparing to unpack .../27-libterm-readkey-perl_2.38-1_amd64.deb ...
Unpacking libterm-readkey-perl (2.38-1) ...
Selecting previously unselected package needrestart.
Preparing to unpack .../28-needrestart_3.4-5_all.deb ...
Unpacking needrestart (3.4-5) ...
Selecting previously unselected package patch.
Preparing to unpack .../29-patch_2.7.6-3+deb10u1_amd64.deb ...
Unpacking patch (2.7.6-3+deb10u1) ...
Setting up perl-modules-5.28 (5.28.1-6+deb10u1) ...
Setting up binutils-common:amd64 (2.31.1-16) ...
Setting up libcurl3-gnutls:amd64 (7.64.0-4+deb10u2) ...
Setting up conntrack (1:1.4.5-2) ...
Setting up runc (1.0.0~rc6+dfsg1-3) ...
Setting up libnspr4:amd64 (2:4.20-1) ...
Setting up tini (0.18.0-1) ...
Setting up patch (2.7.6-3+deb10u1) ...
Setting up libgdbm-compat4:amd64 (1.18.1-4) ...
Setting up libpcre2-8-0:amd64 (10.32-5) ...
Setting up libltdl7:amd64 (2.4.6-9) ...
Setting up libperl5.28:amd64 (5.28.1-6+deb10u1) ...
Setting up git-man (1:2.20.1-2+deb10u3) ...
Setting up cgroupfs-mount (1.4) ...
Setting up libbinutils:amd64 (2.31.1-16) ...
Setting up binutils-x86-64-linux-gnu (2.31.1-16) ...
Setting up libnss3:amd64 (2:3.42.1-1+deb10u3) ...
Setting up docker.io (18.09.1+dfsg1-7.1+deb10u3) ...
Created symlink /etc/systemd/system/multi-user.target.wants/docker.service → /lib/systemd/system/docker.service.
Created symlink /etc/systemd/system/sockets.target.wants/docker.socket → /lib/systemd/system/docker.socket.
Setting up binutils (2.31.1-16) ...
Setting up perl (5.28.1-6+deb10u1) ...
Setting up libmodule-find-perl (0.13-1) ...
Setting up libproc-processtable-perl (0.56-1) ...
Setting up libintl-perl (1.26-2) ...
Setting up libterm-readkey-perl (2.38-1) ...
Setting up libsort-naturally-perl (1.03-2) ...
Setting up libmodule-scandeps-perl (1.27-1) ...
Setting up needrestart (3.4-5) ...
Setting up libintl-xs-perl (1.26-2+b4) ...
Setting up liberror-perl (0.17027-2) ...
Setting up git (1:2.20.1-2+deb10u3) ...
Processing triggers for systemd (241-7~deb10u8) ...
Processing triggers for man-db (2.8.5-2) ...
Processing triggers for libc-bin (2.28-10) ...
root@k8s-master:~# snap install kubectl --classic
-bash: snap: command not found
root@k8s-master:~# apt install snapd
Reading package lists... Done
Building dependency tree
Reading state information... Done
The following additional packages will be installed:
  liblzo2-2 squashfs-tools
Suggested packages:
  zenity | kdialog
The following NEW packages will be installed:
  liblzo2-2 snapd squashfs-tools
0 upgraded, 3 newly installed, 0 to remove and 0 not upgraded.
Need to get 14.5 MB of archives.
After this operation, 61.5 MB of additional disk space will be used.
Do you want to continue? [Y/n] y
Get:1 http://deb.debian.org/debian buster/main amd64 liblzo2-2 amd64 2.10-0.1 [56.1 kB]
Get:2 http://deb.debian.org/debian buster/main amd64 squashfs-tools amd64 1:4.3-12+deb10u1 [126 kB]
Get:3 http://deb.debian.org/debian buster/main amd64 snapd amd64 2.37.4-1+b1 [14.3 MB]
Fetched 14.5 MB in 0s (38.0 MB/s)
Selecting previously unselected package liblzo2-2:amd64.
(Reading database ... 51607 files and directories currently installed.)
Preparing to unpack .../liblzo2-2_2.10-0.1_amd64.deb ...
Unpacking liblzo2-2:amd64 (2.10-0.1) ...
Selecting previously unselected package squashfs-tools.
Preparing to unpack .../squashfs-tools_1%3a4.3-12+deb10u1_amd64.deb ...
Unpacking squashfs-tools (1:4.3-12+deb10u1) ...
Selecting previously unselected package snapd.
Preparing to unpack .../snapd_2.37.4-1+b1_amd64.deb ...
Unpacking snapd (2.37.4-1+b1) ...
Setting up liblzo2-2:amd64 (2.10-0.1) ...
Setting up squashfs-tools (1:4.3-12+deb10u1) ...
Setting up snapd (2.37.4-1+b1) ...
Created symlink /etc/systemd/system/multi-user.target.wants/snapd.seeded.service → /lib/systemd/system/snapd.seeded.service.
Created symlink /etc/systemd/system/cloud-final.service.wants/snapd.seeded.service → /lib/systemd/system/snapd.seeded.service.
Created symlink /etc/systemd/system/multi-user.target.wants/snapd.service → /lib/systemd/system/snapd.service.
Created symlink /etc/systemd/system/sockets.target.wants/snapd.socket → /lib/systemd/system/snapd.socket.
Processing triggers for libc-bin (2.28-10) ...
Processing triggers for man-db (2.8.5-2) ...
Processing triggers for mime-support (3.62) ...
Scanning processes...
Scanning candidates...
Scanning linux images...

























Package configuration




  lqqqqqqqqqqqqqqqqqqqqqqqu Pending kernel upgrade tqqqqqqqqqqqqqqqqqqqqqqqqk
  x                                                                         x
  x Newer kernel available                                                  x
  x                                                                         x
  x The currently running kernel version is 4.19.0-17-cloud-amd64 which is  x
  x not the expected kernel version 4.19.0-18-cloud-amd64.                  x
  x                                                                         x
  x Restarting the system to load the new kernel will not be handled        x
  x automatically, so you should consider rebooting.                        x
  x                                                                         x
  x                                 <Ok>                                    x
  x                                                                         x
  mqqqqqqqqqqqqqqqqqqqqqqqqqqqqqqqqqqqqqqqqqqqqqqqqqqqqqqqqqqqqqqqqqqqqqqqqqj






Selecting previously unselected package squashfs-tools.
Preparing to unpack .../squashfs-tools_1%3a4.3-12+deb10u1_amd64.deb ...
Unpacking squashfs-tools (1:4.3-12+deb10u1) ...
Selecting previously unselected package snapd.
Preparing to unpack .../snapd_2.37.4-1+b1_amd64.deb ...
Unpacking snapd (2.37.4-1+b1) ...
Setting up liblzo2-2:amd64 (2.10-0.1) ...
Setting up squashfs-tools (1:4.3-12+deb10u1) ...
Setting up snapd (2.37.4-1+b1) ...
Created symlink /etc/systemd/system/multi-user.target.wants/snapd.seeded.service → /lib/systemd/system/snapd.seeded.service.
Created symlink /etc/systemd/system/cloud-final.service.wants/snapd.seeded.service → /lib/systemd/system/snapd.seeded.service.
Created symlink /etc/systemd/system/multi-user.target.wants/snapd.service → /lib/systemd/system/snapd.service.
Created symlink /etc/systemd/system/sockets.target.wants/snapd.socket → /lib/systemd/system/snapd.socket.
Processing triggers for libc-bin (2.28-10) ...
Processing triggers for man-db (2.8.5-2) ...
Processing triggers for mime-support (3.62) ...
Scanning processes...
Scanning candidates...
Scanning linux images...

Restarting services...

























Package configuration





                lqqqqu Daemons using outdated libraries tqqqqqk
                x                                             x
                x                                             x
                x Which services should be restarted?         x
                x                                             x
                x    [*] ssh.service                          x
                x                                             x
                x                                             x
                x          <Ok>              <Cancel>         x
                x                                             x
                mqqqqqqqqqqqqqqqqqqqqqqqqqqqqqqqqqqqqqqqqqqqqqj







Unpacking squashfs-tools (1:4.3-12+deb10u1) ...
Selecting previously unselected package snapd.
Preparing to unpack .../snapd_2.37.4-1+b1_amd64.deb ...
Unpacking snapd (2.37.4-1+b1) ...
Setting up liblzo2-2:amd64 (2.10-0.1) ...
Setting up squashfs-tools (1:4.3-12+deb10u1) ...
Setting up snapd (2.37.4-1+b1) ...
Created symlink /etc/systemd/system/multi-user.target.wants/snapd.seeded.service → /lib/systemd/system/snapd.seeded.service.
Created symlink /etc/systemd/system/cloud-final.service.wants/snapd.seeded.service → /lib/systemd/system/snapd.seeded.service.
Created symlink /etc/systemd/system/multi-user.target.wants/snapd.service → /lib/systemd/system/snapd.service.
Created symlink /etc/systemd/system/sockets.target.wants/snapd.socket → /lib/systemd/system/snapd.socket.
Processing triggers for libc-bin (2.28-10) ...
Processing triggers for man-db (2.8.5-2) ...
Processing triggers for mime-support (3.62) ...
Scanning processes...
Scanning candidates...
Scanning linux images...

Restarting services...
 systemctl restart ssh.service

No containers need to be restarted.

User sessions running outdated binaries:
 lis @ session #2: sshd[624]
root@k8s-master:~# snap install kubectl --classic
kubectl 1.22.2 from Canonical? installed
root@k8s-master:~# wget https://storage.googleapis.com/minikube/releases/latest/minikube-linux-amd64 -O minikube
-bash: wget: command not found
root@k8s-master:~# apt install wget
Reading package lists... Done
Building dependency tree
Reading state information... Done
The following NEW packages will be installed:
  wget
0 upgraded, 1 newly installed, 0 to remove and 0 not upgraded.
Need to get 902 kB of archives.
After this operation, 3335 kB of additional disk space will be used.
Get:1 http://deb.debian.org/debian buster/main amd64 wget amd64 1.20.1-1.1 [902 kB]
Fetched 902 kB in 0s (15.7 MB/s)
Selecting previously unselected package wget.
(Reading database ... 51686 files and directories currently installed.)
Preparing to unpack .../wget_1.20.1-1.1_amd64.deb ...
Unpacking wget (1.20.1-1.1) ...
Setting up wget (1.20.1-1.1) ...
Processing triggers for man-db (2.8.5-2) ...
Scanning processes...
Scanning candidates...
Scanning linux images...

























Package configuration




  lqqqqqqqqqqqqqqqqqqqqqqqu Pending kernel upgrade tqqqqqqqqqqqqqqqqqqqqqqqqk
  x                                                                         x
  x Newer kernel available                                                  x
  x                                                                         x
  x The currently running kernel version is 4.19.0-17-cloud-amd64 which is  x
  x not the expected kernel version 4.19.0-18-cloud-amd64.                  x
  x                                                                         x
  x Restarting the system to load the new kernel will not be handled        x
  x automatically, so you should consider rebooting.                        x
  x                                                                         x
  x                                 <Ok>                                    x
  x                                                                         x
  mqqqqqqqqqqqqqqqqqqqqqqqqqqqqqqqqqqqqqqqqqqqqqqqqqqqqqqqqqqqqqqqqqqqqqqqqqj





                                                                                minikube-linux-amd64 -O minikube
-bash: wget: command not found
root@k8s-master:~# apt install wget
Reading package lists... Done
Building dependency tree
Reading state information... Done
The following NEW packages will be installed:
  wget
0 upgraded, 1 newly installed, 0 to remove and 0 not upgraded.
Need to get 902 kB of archives.
After this operation, 3335 kB of additional disk space will be used.
Get:1 http://deb.debian.org/debian buster/main amd64 wget amd64 1.20.1-1.1 [902 kB]
Fetched 902 kB in 0s (15.7 MB/s)
Selecting previously unselected package wget.
(Reading database ... 51686 files and directories currently installed.)
Preparing to unpack .../wget_1.20.1-1.1_amd64.deb ...
Unpacking wget (1.20.1-1.1) ...
Setting up wget (1.20.1-1.1) ...
Processing triggers for man-db (2.8.5-2) ...
Scanning processes...
Scanning candidates...
Scanning linux images...

No services need to be restarted.

No containers need to be restarted.

User sessions running outdated binaries:
 lis @ session #2: sshd[624]
root@k8s-master:~# wget https://storage.googleapis.com/minikube/releases/latest/minikube-linux-amd64 -O minikube
--2021-10-11 08:41:45--  https://storage.googleapis.com/minikube/releases/latest/minikube-linux-amd64
Resolving storage.googleapis.com (storage.googleapis.com)... 142.250.141.128, 142.251.2.128, 74.125.137.128, ...
Connecting to storage.googleapis.com (storage.googleapis.com)|142.250.141.128|:443... connected.
HTTP request sent, awaiting response... 200 OK
Length: 69041843 (66M) [application/octet-stream]
Saving to: ‘minikube’

minikube            100%[===================>]  65.84M  81.0MB/s    in 0.8s

2021-10-11 08:41:46 (81.0 MB/s) - ‘minikube’ saved [69041843/69041843]

root@k8s-master:~# chmod 755 minikube
root@k8s-master:~# mv minikube /usr/local/bin/
root@k8s-master:~# minikube version
minikube version: v1.23.2
commit: 0a0ad764652082477c00d51d2475284b5d39ceed
root@k8s-master:~# minikube start --vm-driver=none
* minikube v1.23.2 on Debian 10.11 (amd64)
* Using the none driver based on user configuration
* Starting control plane node minikube in cluster minikube
* Running on localhost (CPUs=2, Memory=3946MB, Disk=9889MB) ...
* OS release is Debian GNU/Linux 10 (buster)
    > kubeadm.sha256: 64 B / 64 B [--------------------------] 100.00% ? p/s 0s
    > kubectl.sha256: 64 B / 64 B [--------------------------] 100.00% ? p/s 0s
    > kubelet.sha256: 64 B / 64 B [--------------------------] 100.00% ? p/s 0s
    > kubeadm: 43.71 MiB / 43.71 MiB [-----------] 100.00% 139.31 MiB p/s 500ms
    > kubectl: 44.73 MiB / 44.73 MiB [-----------] 100.00% 134.50 MiB p/s 500ms
    > kubelet: 146.25 MiB / 146.25 MiB [----------] 100.00% 108.79 MiB p/s 1.5s

  - Generating certificates and keys ...
  - Booting up control plane ...
  - Configuring RBAC rules ...
* Configuring local host environment ...
*
! The 'none' driver is designed for experts who need to integrate with an existing VM
* Most users should use the newer 'docker' driver instead, which does not require root!
* For more information, see: https://minikube.sigs.k8s.io/docs/reference/drivers/none/
*
! kubectl and minikube configuration will be stored in /root
! To use kubectl or minikube commands as your own user, you may need to relocate them. For example, to overwrite your own settings, run:
*
  - sudo mv /root/.kube /root/.minikube $HOME
  - sudo chown -R $USER $HOME/.kube $HOME/.minikube
*
* This can also be done automatically by setting the env var CHANGE_MINIKUBE_NONE_USER=true
* Verifying Kubernetes components...
  - Using image gcr.io/k8s-minikube/storage-provisioner:v5
* Enabled addons: storage-provisioner, default-storageclass
* kubectl not found. If you need it, try: 'minikube kubectl -- get pods -A'
* Done! kubectl is now configured to use "minikube" cluster and "default" namespace by default
root@k8s-master:~# minikube status
minikube
type: Control Plane
host: Running
kubelet: Running
apiserver: Running
kubeconfig: Configured

root@k8s-master:~# minikube service list
|-------------|------------|--------------|-----|
|  NAMESPACE  |    NAME    | TARGET PORT  | URL |
|-------------|------------|--------------|-----|
| default     | kubernetes | No node port |
| kube-system | kube-dns   | No node port |
|-------------|------------|--------------|-----|
root@k8s-master:~# kubectl cluster-info
-bash: kubectl: command not found
root@k8s-master:~# curl -LO "https://storage.googleapis.com/kubernetes-release/release/$(curl -s https://storage.googleapis.com/kubernetes-release/release/stable.txt)/bin/linux/amd64/kubectl"
  % Total    % Received % Xferd  Average Speed   Time    Time     Time  Current
                                 Dload  Upload   Total   Spent    Left  Speed
100 44.7M  100 44.7M    0     0  59.1M      0 --:--:-- --:--:-- --:--:-- 59.1M
root@k8s-master:~# chmod +x ./kubectl
root@k8s-master:~# mv ./kubectl /usr/local/bin/kubectl
root@k8s-master:~# kubectl version --client
Client Version: version.Info{Major:"1", Minor:"22", GitVersion:"v1.22.2", GitCommit:"8b5a19147530eaac9476b0ab82980b4088bbc1b2", GitTreeState:"clean", BuildDate:"2021-09-15T21:38:50Z", GoVersion:"go1.16.8", Compiler:"gc", Platform:"linux/amd64"}
root@k8s-master:~# kubectl version --client
Client Version: version.Info{Major:"1", Minor:"22", GitVersion:"v1.22.2", GitCommit:"8b5a19147530eaac9476b0ab82980b4088bbc1b2", GitTreeState:"clean", BuildDate:"2021-09-15T21:38:50Z", GoVersion:"go1.16.8", Compiler:"gc", Platform:"linux/amd64"}
root@k8s-master:~# kubectl cluster-info
Kubernetes control plane is running at https://10.182.0.2:8443
CoreDNS is running at https://10.182.0.2:8443/api/v1/namespaces/kube-system/services/kube-dns:dns/proxy

To further debug and diagnose cluster problems, use 'kubectl cluster-info dump'.
root@k8s-master:~# kubectl get nodes -o wide
NAME         STATUS   ROLES                  AGE     VERSION   INTERNAL-IP   EXTERNAL-IP   OS-IMAGE                       KERNEL-VERSION          CONTAINER-RUNTIME
k8s-master   Ready    control-plane,master   7m17s   v1.22.2   10.182.0.2    <none>        Debian GNU/Linux 10 (buster)   4.19.0-17-cloud-amd64   docker://18.9.1
root@k8s-master:~#
root@k8s-master:~# kubectl create deployment test-nginx --image=nginx
deployment.apps/test-nginx created
root@k8s-master:~# kubectl get pods
NAME                         READY   STATUS    RESTARTS   AGE
test-nginx-59ffd87f5-jgd97   1/1     Running   0          46s
root@k8s-master:~# kubectl exec test-nginx-59ffd87f5-jgd97 -- env
PATH=/usr/local/sbin:/usr/local/bin:/usr/sbin:/usr/bin:/sbin:/bin
HOSTNAME=test-nginx-59ffd87f5-jgd97
KUBERNETES_PORT_443_TCP_ADDR=10.96.0.1
KUBERNETES_SERVICE_HOST=10.96.0.1
KUBERNETES_SERVICE_PORT=443
KUBERNETES_SERVICE_PORT_HTTPS=443
KUBERNETES_PORT=tcp://10.96.0.1:443
KUBERNETES_PORT_443_TCP=tcp://10.96.0.1:443
KUBERNETES_PORT_443_TCP_PROTO=tcp
KUBERNETES_PORT_443_TCP_PORT=443
NGINX_VERSION=1.21.3
NJS_VERSION=0.6.2
PKG_RELEASE=1~buster
HOME=/root
root@k8s-master:~# kubectl exec -it test-nginx-59ffd87f5-jgd97 -- bash
root@test-nginx-59ffd87f5-jgd97:/# hostname
test-nginx-59ffd87f5-jgd97
root@test-nginx-59ffd87f5-jgd97:/# exit
exit
root@k8s-master:~# kubectl logs test-nginx-59ffd87f5-jgd97
/docker-entrypoint.sh: /docker-entrypoint.d/ is not empty, will attempt to perform configuration
/docker-entrypoint.sh: Looking for shell scripts in /docker-entrypoint.d/
/docker-entrypoint.sh: Launching /docker-entrypoint.d/10-listen-on-ipv6-by-default.sh
10-listen-on-ipv6-by-default.sh: info: Getting the checksum of /etc/nginx/conf.d/default.conf
10-listen-on-ipv6-by-default.sh: info: Enabled listen on IPv6 in /etc/nginx/conf.d/default.conf
/docker-entrypoint.sh: Launching /docker-entrypoint.d/20-envsubst-on-templates.sh
/docker-entrypoint.sh: Launching /docker-entrypoint.d/30-tune-worker-processes.sh
/docker-entrypoint.sh: Configuration complete; ready for start up
2021/10/11 08:53:56 [notice] 1#1: using the "epoll" event method
2021/10/11 08:53:56 [notice] 1#1: nginx/1.21.3
2021/10/11 08:53:56 [notice] 1#1: built by gcc 8.3.0 (Debian 8.3.0-6)
2021/10/11 08:53:56 [notice] 1#1: OS: Linux 4.19.0-17-cloud-amd64
2021/10/11 08:53:56 [notice] 1#1: getrlimit(RLIMIT_NOFILE): 1048576:1048576
2021/10/11 08:53:56 [notice] 1#1: start worker processes
2021/10/11 08:53:56 [notice] 1#1: start worker process 30
2021/10/11 08:53:56 [notice] 1#1: start worker process 31
root@k8s-master:~# kubectl scale deployment test-nginx --replicas=3
deployment.apps/test-nginx scaled
root@k8s-master:~# kubectl get pods
NAME                         READY   STATUS    RESTARTS   AGE
test-nginx-59ffd87f5-7458v   1/1     Running   0          8s
test-nginx-59ffd87f5-jgd97   1/1     Running   0          3m39s
test-nginx-59ffd87f5-wqwvr   1/1     Running   0          8s
root@k8s-master:~# kubectl expose deployment test-nginx --type="NodePort" --port 80
service/test-nginx exposed
root@k8s-master:~# kubectl get services test-nginx
NAME         TYPE       CLUSTER-IP      EXTERNAL-IP   PORT(S)        AGE
test-nginx   NodePort   10.102.42.101   <none>        80:32601/TCP   12s
root@k8s-master:~#  minikube service test-nginx --url
http://10.182.0.2:32601
root@k8s-master:~# curl http://10.182.0.2:32601
<!DOCTYPE html>
<html>
<head>
<title>Welcome to nginx!</title>
<style>
html { color-scheme: light dark; }
body { width: 35em; margin: 0 auto;
font-family: Tahoma, Verdana, Arial, sans-serif; }
</style>
</head>
<body>
<h1>Welcome to nginx!</h1>
<p>If you see this page, the nginx web server is successfully installed and
working. Further configuration is required.</p>

<p>For online documentation and support please refer to
<a href="http://nginx.org/">nginx.org</a>.<br/>
Commercial support is available at
<a href="http://nginx.com/">nginx.com</a>.</p>

<p><em>Thank you for using nginx.</em></p>
</body>
</html>
root@k8s-master:~#


